Argentina  
None
Chile  
Argentina  
None
Chile  
Argentina  
Portugal  
None
Chile  
Argentina  
Portugal  
Espanha  
None
O número de elementos são 4.
<models.Node.Node object at 0x7fd60e87e2f0>
Chile  
Argentina  
Portugal  
Espanha  
Franca  
None
<models.Node.Node object at 0x7fd60e87e2f0>
Chile  
Argentina  
Portugal  
Italia  
Espanha  
Franca  
None
China  
Chile  
Argentina  
Portugal  
Italia  
Espanha  
Franca  
None
China  
Japao  
Chile  
Argentina  
Portugal  
Italia  
Espanha  
Franca  
None
China  
Japao  
Angola  
Chile  
Argentina  
Portugal  
Italia  
Espanha  
Franca  
None
O número de elementos são 9.
Item found
O país Portugal encontra-se na lista.
item bot found
O país Alemanha não se encontra na lista.
O país China foi eliminado da lista.
O número de elementos são 8.
O país Franca foi eliminado da lista.
O número de elementos são 7.
Item found
O país Chile foi eliminado da lista.
O número de elementos são 6.
