Portugal  
None
Espanha  
Portugal  
None
Espanha  
Portugal  
Italia  
None
Espanha  
Portugal  
Italia  
Angola  
None
Argentina  
Espanha  
Portugal  
Italia  
Angola  
None
<models.Node.Node object at 0x7faafba53130>
Argentina  
Espanha  
França  
Portugal  
Italia  
Angola  
None
<models.Node.Node object at 0x7faafba53130>
Argentina  
Espanha  
França  
Moçambique  
Portugal  
Italia  
Angola  
None
Argentina  
Espanha  
Índia  
França  
Moçambique  
Portugal  
Italia  
Angola  
None
O número de elementos são 8.
Canadá  
Argentina  
Espanha  
Índia  
França  
Moçambique  
Portugal  
Italia  
Angola  
None
O país Canadá foi eliminado da lista.
Holanda  
Argentina  
Espanha  
Índia  
França  
Moçambique  
Portugal  
Italia  
Angola  
None
O país Angola foi eliminado da lista.
Item found
O país Angola foi eliminado da lista.
item bot found
O país Loisina não se encontra na lista.
O país Italia foi eliminado da lista.
O número de elementos são 6.
Item found
O país Espanha encontra-se na lista.
Item found
O país Portugal encontra-se na lista.
item bot found
O país Jolanda não se encontra na lista.
