Portugal
None

Espanha
Portugal
None

Espanha
Portugal
Italia
None

Espanha
Portugal
Italia
Angola
None

Argentina
Espanha
Portugal
Italia
Angola
None

...